Archive member included because of file (symbol)

C:/Freescale/CW MCU v10.4/MCU/ARM_GCC_Support/ewl/lib/armv6-m\libc.a(exit.o)
                              ./Project_Settings/Startup_Code/__arm_start.o (exit)
C:/Freescale/CW MCU v10.4/MCU/ARM_GCC_Support/ewl/lib/armv6-m\libc.a(memset.o)
                              ./Project_Settings/Startup_Code/__arm_start.o (memset)
C:/Freescale/CW MCU v10.4/MCU/ARM_GCC_Support/ewl/lib/armv6-m\libc.a(printformat_.o)
                              (__pformatter_)
C:/Freescale/CW MCU v10.4/MCU/ARM_GCC_Support/ewl/lib/armv6-m\libc.a(scanformat_.o)
                              (__sformatter)
C:/Freescale/CW MCU v10.4/MCU/ARM_GCC_Support/ewl/lib/armv6-m\libc.a(ctype_aeabi.o)
                              C:/Freescale/CW MCU v10.4/MCU/ARM_GCC_Support/ewl/lib/armv6-m\libc.a(scanformat_.o) (isspace)
C:/Freescale/CW MCU v10.4/MCU/ARM_GCC_Support/ewl/lib/armv6-m\libc.a(__strtoul.o)
                              C:/Freescale/CW MCU v10.4/MCU/ARM_GCC_Support/ewl/lib/armv6-m\libc.a(scanformat_.o) (__strtoul)
C:/Freescale/CW MCU v10.4/MCU/ARM_GCC_Support/ewl/lib/armv6-m\libc.a(__filll_mem.o)
                              C:/Freescale/CW MCU v10.4/MCU/ARM_GCC_Support/ewl/lib/armv6-m\libc.a(memset.o) (__fill_mem)
C:/Freescale/CW MCU v10.4/MCU/ARM_GCC_Support/ewl/lib/armv6-m\libc.a(memchr.o)
                              C:/Freescale/CW MCU v10.4/MCU/ARM_GCC_Support/ewl/lib/armv6-m\libc.a(printformat_.o) (memchr)
C:/Freescale/CW MCU v10.4/MCU/ARM_GCC_Support/ewl/lib/armv6-m\libc.a(memcpy.o)
                              C:/Freescale/CW MCU v10.4/MCU/ARM_GCC_Support/ewl/lib/armv6-m\libc.a(scanformat_.o) (memcpy)
C:/Freescale/CW MCU v10.4/MCU/ARM_GCC_Support/ewl/lib/armv6-m\libc.a(strchr.o)
                              C:/Freescale/CW MCU v10.4/MCU/ARM_GCC_Support/ewl/lib/armv6-m\libc.a(printformat_.o) (strchr)
C:/Freescale/CW MCU v10.4/MCU/ARM_GCC_Support/ewl/lib/armv6-m\libc.a(strlen.o)
                              C:/Freescale/CW MCU v10.4/MCU/ARM_GCC_Support/ewl/lib/armv6-m\libc.a(printformat_.o) (strlen)
c:/freescale/cw mcu v10.4/cross_tools/arm-none-eabi-gcc-4_7_3/bin/../lib/gcc/arm-none-eabi/4.7.3/armv6-m\libgcc.a(_thumb1_case_sqi.o)
                              C:/Freescale/CW MCU v10.4/MCU/ARM_GCC_Support/ewl/lib/armv6-m\libc.a(__strtoul.o) (__gnu_thumb1_case_sqi)
c:/freescale/cw mcu v10.4/cross_tools/arm-none-eabi-gcc-4_7_3/bin/../lib/gcc/arm-none-eabi/4.7.3/armv6-m\libgcc.a(_thumb1_case_uqi.o)
                              C:/Freescale/CW MCU v10.4/MCU/ARM_GCC_Support/ewl/lib/armv6-m\libc.a(scanformat_.o) (__gnu_thumb1_case_uqi)
c:/freescale/cw mcu v10.4/cross_tools/arm-none-eabi-gcc-4_7_3/bin/../lib/gcc/arm-none-eabi/4.7.3/armv6-m\libgcc.a(_udivsi3.o)
                              C:/Freescale/CW MCU v10.4/MCU/ARM_GCC_Support/ewl/lib/armv6-m\libc.a(printformat_.o) (__aeabi_uidiv)
c:/freescale/cw mcu v10.4/cross_tools/arm-none-eabi-gcc-4_7_3/bin/../lib/gcc/arm-none-eabi/4.7.3/armv6-m\libgcc.a(_divsi3.o)
                              ./Sources/lcd.o (__aeabi_idiv)
c:/freescale/cw mcu v10.4/cross_tools/arm-none-eabi-gcc-4_7_3/bin/../lib/gcc/arm-none-eabi/4.7.3/armv6-m\libgcc.a(_dvmd_tls.o)
                              c:/freescale/cw mcu v10.4/cross_tools/arm-none-eabi-gcc-4_7_3/bin/../lib/gcc/arm-none-eabi/4.7.3/armv6-m\libgcc.a(_udivsi3.o) (__aeabi_idiv0)
C:/Freescale/CW MCU v10.4/MCU/ARM_GCC_Support/ewl/lib/armv6-m\librt.a(gcc_ctor_dtor.o)
                              ./Project_Settings/Startup_Code/__arm_start.o (__init_cpp)
C:/Freescale/CW MCU v10.4/MCU/ARM_GCC_Support/ewl/lib/armv6-m\librt.a(ROMCopy.o)
                              ./Project_Settings/Startup_Code/__arm_start.o (__copy_rom_sections_to_ram)
C:/Freescale/CW MCU v10.4/MCU/ARM_GCC_Support/ewl/lib/armv6-m\librt.a(__arm_eabi_init.o)
                              C:/Freescale/CW MCU v10.4/MCU/ARM_GCC_Support/ewl/lib/armv6-m\libc.a(exit.o) (__destroy_global_chain)

Allocating common symbols
Common symbol       size              file

lim_hi              0x4               ./Sources/main.o
coord_y             0x4               ./Sources/mouse_init.o
trama               0x4               ./Sources/mouse_init.o
data_ready          0x4               ./Sources/mouse_init.o
x                   0x4               ./Sources/mouse_init.o
shift               0x4               ./Sources/main.o
n                   0x4               ./Sources/mouse_init.o
trama_mouse         0x3               ./Sources/mouse_init.o
start_trama         0x4               ./Sources/mouse_init.o
mayus               0x4               ./Sources/main.o
d8                  0x4               ./Sources/mouse_init.o
d1                  0x4               ./Sources/mouse_init.o
pos                 0x4               ./Sources/mouse_init.o
initialization_mouse
                    0x28              ./Sources/mouse_init.o
mask                0x1               ./Sources/mouse_init.o
d10                 0x4               ./Sources/mouse_init.o
writting            0x4               ./Sources/main.o
memory              0x4               ./Sources/main.o
r                   0x4               ./Sources/mouse_init.o
clk                 0x4               ./Sources/mouse_init.o
i                   0x4               ./Sources/mouse_init.o
data_trama_ready    0x4               ./Sources/mouse_init.o
d9                  0x4               ./Sources/mouse_init.o
d7                  0x4               ./Sources/mouse_init.o
dec                 0x4               ./Sources/mouse_init.o
uni                 0x4               ./Sources/mouse_init.o
coord_x             0x4               ./Sources/mouse_init.o
teclado             0x4               ./Sources/main.o
data_bit            0x4               ./Sources/mouse_init.o
d2                  0x4               ./Sources/mouse_init.o
d0                  0x4               ./Sources/mouse_init.o
init                0x4               ./Sources/mouse_init.o
escritura           0x4               ./Sources/mouse_init.o
d5                  0x4               ./Sources/mouse_init.o
data                0x4               ./Sources/mouse_init.o
coord_X             0x4               ./Sources/mouse_init.o
d4                  0x4               ./Sources/mouse_init.o
sig_x               0x4               ./Sources/mouse_init.o
d                   0x4               ./Sources/mouse_init.o
counter_bit         0x1               ./Sources/mouse_init.o
coord_Y             0x4               ./Sources/mouse_init.o
page                0x4               ./Sources/main.o
place               0x4               ./Sources/main.o
value_y             0x4               ./Sources/mouse_init.o
lim_lo              0x4               ./Sources/main.o
uart                0x4               ./Sources/main.o
LCD                 0xff              ./Sources/main.o
sig_y               0x4               ./Sources/mouse_init.o
value_x             0x4               ./Sources/mouse_init.o
cen                 0x4               ./Sources/mouse_init.o
d6                  0x4               ./Sources/mouse_init.o
d3                  0x4               ./Sources/mouse_init.o

Discarded input sections

 .text          0x00000000        0x0 ./Project_Settings/Startup_Code/kinetis_sysinit.o
 .data          0x00000000        0x0 ./Project_Settings/Startup_Code/kinetis_sysinit.o
 .bss           0x00000000        0x0 ./Project_Settings/Startup_Code/kinetis_sysinit.o
 .text          0x00000000        0x0 ./Project_Settings/Startup_Code/__arm_start.o
 .data          0x00000000        0x0 ./Project_Settings/Startup_Code/__arm_start.o
 .bss           0x00000000        0x0 ./Project_Settings/Startup_Code/__arm_start.o
 .text.__iar_program_start
                0x00000000        0x4 ./Project_Settings/Startup_Code/__arm_start.o
 .text          0x00000000        0x0 ./Project_Settings/Startup_Code/__arm_end.o
 .data          0x00000000        0x0 ./Project_Settings/Startup_Code/__arm_end.o
 .bss           0x00000000        0x0 ./Project_Settings/Startup_Code/__arm_end.o
 .text          0x00000000        0x0 ./Sources/sa_mtb.o
 .data          0x00000000        0x0 ./Sources/sa_mtb.o
 .bss           0x00000000        0x0 ./Sources/sa_mtb.o
 .debug_info    0x00000000       0x21 ./Sources/sa_mtb.o
 .debug_abbrev  0x00000000       0x12 ./Sources/sa_mtb.o
 .debug_aranges
                0x00000000       0x18 ./Sources/sa_mtb.o
 .debug_macinfo
                0x00000000     0x24d8 ./Sources/sa_mtb.o
 .debug_line    0x00000000       0xaa ./Sources/sa_mtb.o
 .debug_str     0x00000000       0x84 ./Sources/sa_mtb.o
 .comment       0x00000000       0x7a ./Sources/sa_mtb.o
 .ARM.attributes
                0x00000000       0x31 ./Sources/sa_mtb.o
 .text          0x00000000        0x0 ./Sources/mouse_init.o
 .data          0x00000000        0x0 ./Sources/mouse_init.o
 .bss           0x00000000        0x0 ./Sources/mouse_init.o
 .text.sendmouse
                0x00000000      0x1a0 ./Sources/mouse_init.o
 .text          0x00000000        0x0 ./Sources/main.o
 .data          0x00000000        0x0 ./Sources/main.o
 .bss           0x00000000        0x0 ./Sources/main.o
 .text          0x00000000        0x0 ./Sources/lcd.o
 .data          0x00000000        0x0 ./Sources/lcd.o
 .bss           0x00000000        0x0 ./Sources/lcd.o
 .text.editChar
                0x00000000       0x80 ./Sources/lcd.o
 .rodata.editChar
                0x00000000       0x20 ./Sources/lcd.o
 .text.BCD      0x00000000       0x74 ./Sources/lcd.o
 .text          0x00000000        0x0 ./Sources/funciones_teclas.o
 .data          0x00000000        0x0 ./Sources/funciones_teclas.o
 .bss           0x00000000        0x0 ./Sources/funciones_teclas.o
 .text          0x00000000        0x0 ./Sources/decodificacion_mouse.o
 .data          0x00000000        0x0 ./Sources/decodificacion_mouse.o
 .bss           0x00000000        0x0 ./Sources/decodificacion_mouse.o
 .text.dec_mouse
                0x00000000      0x1b4 ./Sources/decodificacion_mouse.o
 .debug_info    0x00000000      0x372 ./Sources/decodificacion_mouse.o
 .debug_abbrev  0x00000000       0x71 ./Sources/decodificacion_mouse.o
 .debug_loc     0x00000000       0x2c ./Sources/decodificacion_mouse.o
 .debug_aranges
                0x00000000       0x20 ./Sources/decodificacion_mouse.o
 .debug_macinfo
                0x00000000    0x26600 ./Sources/decodificacion_mouse.o
 .debug_line    0x00000000      0x207 ./Sources/decodificacion_mouse.o
 .debug_str     0x00000000      0x1e2 ./Sources/decodificacion_mouse.o
 .comment       0x00000000       0x7a ./Sources/decodificacion_mouse.o
 .ARM.attributes
                0x00000000       0x31 ./Sources/decodificacion_mouse.o
 .debug_frame   0x00000000       0x2c ./Sources/decodificacion_mouse.o
 .text          0x00000000        0x0 ./Sources/decodificacion.o
 .data          0x00000000        0x0 ./Sources/decodificacion.o
 .bss           0x00000000        0x0 ./Sources/decodificacion.o
 .text          0x00000000        0x0 ./Sources/cfgps2.o
 .data          0x00000000        0x0 ./Sources/cfgps2.o
 .bss           0x00000000        0x0 ./Sources/cfgps2.o
 .text          0x00000000        0x0 C:/Freescale/CW MCU v10.4/MCU/ARM_GCC_Support/ewl/lib/armv6-m\libc.a(exit.o)
 .data          0x00000000        0x0 C:/Freescale/CW MCU v10.4/MCU/ARM_GCC_Support/ewl/lib/armv6-m\libc.a(exit.o)
 .bss           0x00000000        0x0 C:/Freescale/CW MCU v10.4/MCU/ARM_GCC_Support/ewl/lib/armv6-m\libc.a(exit.o)
 .text          0x00000000        0x0 C:/Freescale/CW MCU v10.4/MCU/ARM_GCC_Support/ewl/lib/armv6-m\libc.a(memset.o)
 .data          0x00000000        0x0 C:/Freescale/CW MCU v10.4/MCU/ARM_GCC_Support/ewl/lib/armv6-m\libc.a(memset.o)
 .bss           0x00000000        0x0 C:/Freescale/CW MCU v10.4/MCU/ARM_GCC_Support/ewl/lib/armv6-m\libc.a(memset.o)
 .text          0x00000000        0x0 C:/Freescale/CW MCU v10.4/MCU/ARM_GCC_Support/ewl/lib/armv6-m\libc.a(printformat_.o)
 .data          0x00000000        0x0 C:/Freescale/CW MCU v10.4/MCU/ARM_GCC_Support/ewl/lib/armv6-m\libc.a(printformat_.o)
 .bss           0x00000000        0x0 C:/Freescale/CW MCU v10.4/MCU/ARM_GCC_Support/ewl/lib/armv6-m\libc.a(printformat_.o)
 .text          0x00000000        0x0 C:/Freescale/CW MCU v10.4/MCU/ARM_GCC_Support/ewl/lib/armv6-m\libc.a(scanformat_.o)
 .data          0x00000000        0x0 C:/Freescale/CW MCU v10.4/MCU/ARM_GCC_Support/ewl/lib/armv6-m\libc.a(scanformat_.o)
 .bss           0x00000000        0x0 C:/Freescale/CW MCU v10.4/MCU/ARM_GCC_Support/ewl/lib/armv6-m\libc.a(scanformat_.o)
 .text          0x00000000        0x0 C:/Freescale/CW MCU v10.4/MCU/ARM_GCC_Support/ewl/lib/armv6-m\libc.a(ctype_aeabi.o)
 .data          0x00000000        0x0 C:/Freescale/CW MCU v10.4/MCU/ARM_GCC_Support/ewl/lib/armv6-m\libc.a(ctype_aeabi.o)
 .bss           0x00000000        0x0 C:/Freescale/CW MCU v10.4/MCU/ARM_GCC_Support/ewl/lib/armv6-m\libc.a(ctype_aeabi.o)
 .text.isalnum  0x00000000       0x1c C:/Freescale/CW MCU v10.4/MCU/ARM_GCC_Support/ewl/lib/armv6-m\libc.a(ctype_aeabi.o)
 .text.iscntrl  0x00000000       0x20 C:/Freescale/CW MCU v10.4/MCU/ARM_GCC_Support/ewl/lib/armv6-m\libc.a(ctype_aeabi.o)
 .text.isdigit  0x00000000        0xe C:/Freescale/CW MCU v10.4/MCU/ARM_GCC_Support/ewl/lib/armv6-m\libc.a(ctype_aeabi.o)
 .text.isgraph  0x00000000       0x1c C:/Freescale/CW MCU v10.4/MCU/ARM_GCC_Support/ewl/lib/armv6-m\libc.a(ctype_aeabi.o)
 .text.islower  0x00000000       0x20 C:/Freescale/CW MCU v10.4/MCU/ARM_GCC_Support/ewl/lib/armv6-m\libc.a(ctype_aeabi.o)
 .text.isprint  0x00000000       0x1c C:/Freescale/CW MCU v10.4/MCU/ARM_GCC_Support/ewl/lib/armv6-m\libc.a(ctype_aeabi.o)
 .text.ispunct  0x00000000       0x20 C:/Freescale/CW MCU v10.4/MCU/ARM_GCC_Support/ewl/lib/armv6-m\libc.a(ctype_aeabi.o)
 .text.isupper  0x00000000       0x20 C:/Freescale/CW MCU v10.4/MCU/ARM_GCC_Support/ewl/lib/armv6-m\libc.a(ctype_aeabi.o)
 .text.isxdigit
                0x00000000       0x20 C:/Freescale/CW MCU v10.4/MCU/ARM_GCC_Support/ewl/lib/armv6-m\libc.a(ctype_aeabi.o)
 .text.isblank  0x00000000       0x28 C:/Freescale/CW MCU v10.4/MCU/ARM_GCC_Support/ewl/lib/armv6-m\libc.a(ctype_aeabi.o)
 .text.tolower  0x00000000        0xe C:/Freescale/CW MCU v10.4/MCU/ARM_GCC_Support/ewl/lib/armv6-m\libc.a(ctype_aeabi.o)
 .text          0x00000000        0x0 C:/Freescale/CW MCU v10.4/MCU/ARM_GCC_Support/ewl/lib/armv6-m\libc.a(__strtoul.o)
 .data          0x00000000        0x0 C:/Freescale/CW MCU v10.4/MCU/ARM_GCC_Support/ewl/lib/armv6-m\libc.a(__strtoul.o)
 .bss           0x00000000        0x0 C:/Freescale/CW MCU v10.4/MCU/ARM_GCC_Support/ewl/lib/armv6-m\libc.a(__strtoul.o)
 .text          0x00000000        0x0 C:/Freescale/CW MCU v10.4/MCU/ARM_GCC_Support/ewl/lib/armv6-m\libc.a(__filll_mem.o)
 .data          0x00000000        0x0 C:/Freescale/CW MCU v10.4/MCU/ARM_GCC_Support/ewl/lib/armv6-m\libc.a(__filll_mem.o)
 .bss           0x00000000        0x0 C:/Freescale/CW MCU v10.4/MCU/ARM_GCC_Support/ewl/lib/armv6-m\libc.a(__filll_mem.o)
 .text          0x00000000        0x0 C:/Freescale/CW MCU v10.4/MCU/ARM_GCC_Support/ewl/lib/armv6-m\libc.a(memchr.o)
 .data          0x00000000        0x0 C:/Freescale/CW MCU v10.4/MCU/ARM_GCC_Support/ewl/lib/armv6-m\libc.a(memchr.o)
 .bss           0x00000000        0x0 C:/Freescale/CW MCU v10.4/MCU/ARM_GCC_Support/ewl/lib/armv6-m\libc.a(memchr.o)
 .text          0x00000000        0x0 C:/Freescale/CW MCU v10.4/MCU/ARM_GCC_Support/ewl/lib/armv6-m\libc.a(memcpy.o)
 .data          0x00000000        0x0 C:/Freescale/CW MCU v10.4/MCU/ARM_GCC_Support/ewl/lib/armv6-m\libc.a(memcpy.o)
 .bss           0x00000000        0x0 C:/Freescale/CW MCU v10.4/MCU/ARM_GCC_Support/ewl/lib/armv6-m\libc.a(memcpy.o)
 .text          0x00000000        0x0 C:/Freescale/CW MCU v10.4/MCU/ARM_GCC_Support/ewl/lib/armv6-m\libc.a(strchr.o)
 .data          0x00000000        0x0 C:/Freescale/CW MCU v10.4/MCU/ARM_GCC_Support/ewl/lib/armv6-m\libc.a(strchr.o)
 .bss           0x00000000        0x0 C:/Freescale/CW MCU v10.4/MCU/ARM_GCC_Support/ewl/lib/armv6-m\libc.a(strchr.o)
 .text          0x00000000        0x0 C:/Freescale/CW MCU v10.4/MCU/ARM_GCC_Support/ewl/lib/armv6-m\libc.a(strlen.o)
 .data          0x00000000        0x0 C:/Freescale/CW MCU v10.4/MCU/ARM_GCC_Support/ewl/lib/armv6-m\libc.a(strlen.o)
 .bss           0x00000000        0x0 C:/Freescale/CW MCU v10.4/MCU/ARM_GCC_Support/ewl/lib/armv6-m\libc.a(strlen.o)
 .data          0x00000000        0x0 c:/freescale/cw mcu v10.4/cross_tools/arm-none-eabi-gcc-4_7_3/bin/../lib/gcc/arm-none-eabi/4.7.3/armv6-m\libgcc.a(_thumb1_case_sqi.o)
 .bss           0x00000000        0x0 c:/freescale/cw mcu v10.4/cross_tools/arm-none-eabi-gcc-4_7_3/bin/../lib/gcc/arm-none-eabi/4.7.3/armv6-m\libgcc.a(_thumb1_case_sqi.o)
 .data          0x00000000        0x0 c:/freescale/cw mcu v10.4/cross_tools/arm-none-eabi-gcc-4_7_3/bin/../lib/gcc/arm-none-eabi/4.7.3/armv6-m\libgcc.a(_thumb1_case_uqi.o)
 .bss           0x00000000        0x0 c:/freescale/cw mcu v10.4/cross_tools/arm-none-eabi-gcc-4_7_3/bin/../lib/gcc/arm-none-eabi/4.7.3/armv6-m\libgcc.a(_thumb1_case_uqi.o)
 .data          0x00000000        0x0 c:/freescale/cw mcu v10.4/cross_tools/arm-none-eabi-gcc-4_7_3/bin/../lib/gcc/arm-none-eabi/4.7.3/armv6-m\libgcc.a(_udivsi3.o)
 .bss           0x00000000        0x0 c:/freescale/cw mcu v10.4/cross_tools/arm-none-eabi-gcc-4_7_3/bin/../lib/gcc/arm-none-eabi/4.7.3/armv6-m\libgcc.a(_udivsi3.o)
 .text          0x00000000       0xc0 c:/freescale/cw mcu v10.4/cross_tools/arm-none-eabi-gcc-4_7_3/bin/../lib/gcc/arm-none-eabi/4.7.3/armv6-m\libgcc.a(_divsi3.o)
 .data          0x00000000        0x0 c:/freescale/cw mcu v10.4/cross_tools/arm-none-eabi-gcc-4_7_3/bin/../lib/gcc/arm-none-eabi/4.7.3/armv6-m\libgcc.a(_divsi3.o)
 .bss           0x00000000        0x0 c:/freescale/cw mcu v10.4/cross_tools/arm-none-eabi-gcc-4_7_3/bin/../lib/gcc/arm-none-eabi/4.7.3/armv6-m\libgcc.a(_divsi3.o)
 .debug_frame   0x00000000       0x20 c:/freescale/cw mcu v10.4/cross_tools/arm-none-eabi-gcc-4_7_3/bin/../lib/gcc/arm-none-eabi/4.7.3/armv6-m\libgcc.a(_divsi3.o)
 .ARM.attributes
                0x00000000       0x1e c:/freescale/cw mcu v10.4/cross_tools/arm-none-eabi-gcc-4_7_3/bin/../lib/gcc/arm-none-eabi/4.7.3/armv6-m\libgcc.a(_divsi3.o)
 .data          0x00000000        0x0 c:/freescale/cw mcu v10.4/cross_tools/arm-none-eabi-gcc-4_7_3/bin/../lib/gcc/arm-none-eabi/4.7.3/armv6-m\libgcc.a(_dvmd_tls.o)
 .bss           0x00000000        0x0 c:/freescale/cw mcu v10.4/cross_tools/arm-none-eabi-gcc-4_7_3/bin/../lib/gcc/arm-none-eabi/4.7.3/armv6-m\libgcc.a(_dvmd_tls.o)
 .text          0x00000000        0x0 C:/Freescale/CW MCU v10.4/MCU/ARM_GCC_Support/ewl/lib/armv6-m\librt.a(gcc_ctor_dtor.o)
 .data          0x00000000        0x0 C:/Freescale/CW MCU v10.4/MCU/ARM_GCC_Support/ewl/lib/armv6-m\librt.a(gcc_ctor_dtor.o)
 .bss           0x00000000        0x0 C:/Freescale/CW MCU v10.4/MCU/ARM_GCC_Support/ewl/lib/armv6-m\librt.a(gcc_ctor_dtor.o)
 .bss.__dso_handle
                0x00000000        0x4 C:/Freescale/CW MCU v10.4/MCU/ARM_GCC_Support/ewl/lib/armv6-m\librt.a(gcc_ctor_dtor.o)
 .text          0x00000000        0x0 C:/Freescale/CW MCU v10.4/MCU/ARM_GCC_Support/ewl/lib/armv6-m\librt.a(ROMCopy.o)
 .data          0x00000000        0x0 C:/Freescale/CW MCU v10.4/MCU/ARM_GCC_Support/ewl/lib/armv6-m\librt.a(ROMCopy.o)
 .bss           0x00000000        0x0 C:/Freescale/CW MCU v10.4/MCU/ARM_GCC_Support/ewl/lib/armv6-m\librt.a(ROMCopy.o)
 .text.__flush_cache
                0x00000000        0x2 C:/Freescale/CW MCU v10.4/MCU/ARM_GCC_Support/ewl/lib/armv6-m\librt.a(ROMCopy.o)
 .text          0x00000000        0x0 C:/Freescale/CW MCU v10.4/MCU/ARM_GCC_Support/ewl/lib/armv6-m\librt.a(__arm_eabi_init.o)
 .data          0x00000000        0x0 C:/Freescale/CW MCU v10.4/MCU/ARM_GCC_Support/ewl/lib/armv6-m\librt.a(__arm_eabi_init.o)
 .bss           0x00000000        0x0 C:/Freescale/CW MCU v10.4/MCU/ARM_GCC_Support/ewl/lib/armv6-m\librt.a(__arm_eabi_init.o)
 .text.__register_global_object
                0x00000000       0x14 C:/Freescale/CW MCU v10.4/MCU/ARM_GCC_Support/ewl/lib/armv6-m\librt.a(__arm_eabi_init.o)
 .text.__cxa_atexit
                0x00000000       0x38 C:/Freescale/CW MCU v10.4/MCU/ARM_GCC_Support/ewl/lib/armv6-m\librt.a(__arm_eabi_init.o)
 .text.__aeabi_atexit
                0x00000000        0xe C:/Freescale/CW MCU v10.4/MCU/ARM_GCC_Support/ewl/lib/armv6-m\librt.a(__arm_eabi_init.o)
 .text.__register_atexit
                0x00000000        0xc C:/Freescale/CW MCU v10.4/MCU/ARM_GCC_Support/ewl/lib/armv6-m\librt.a(__arm_eabi_init.o)
 .text.__init_hardware
                0x00000000        0x4 C:/Freescale/CW MCU v10.4/MCU/ARM_GCC_Support/ewl/lib/armv6-m\librt.a(__arm_eabi_init.o)
 .bss.atexit_curr_func
                0x00000000        0x4 C:/Freescale/CW MCU v10.4/MCU/ARM_GCC_Support/ewl/lib/armv6-m\librt.a(__arm_eabi_init.o)
 .bss.atexit_funcs
                0x00000000      0x300 C:/Freescale/CW MCU v10.4/MCU/ARM_GCC_Support/ewl/lib/armv6-m\librt.a(__arm_eabi_init.o)

Memory Configuration

Name             Origin             Length             Attributes
m_interrupts     0x00000000         0x000000c0         xr
m_cfmprotrom     0x00000400         0x00000010         xr
m_text           0x00000800         0x0001f800         xr
m_data           0x1ffff000         0x00004000         xrw
*default*        0x00000000         0xffffffff

Linker script and memory map

LOAD ./Project_Settings/Startup_Code/kinetis_sysinit.o
LOAD ./Project_Settings/Startup_Code/__arm_start.o
LOAD ./Project_Settings/Startup_Code/__arm_end.o
LOAD ./Sources/sa_mtb.o
LOAD ./Sources/mouse_init.o
LOAD ./Sources/main.o
LOAD ./Sources/lcd.o
LOAD ./Sources/funciones_teclas.o
LOAD ./Sources/decodificacion_mouse.o
LOAD ./Sources/decodificacion.o
LOAD ./Sources/cfgps2.o
                0x00002cd8                __pformatter = __pformatter_
                [0x00003100]                __sformatter = __sformatter
START GROUP
LOAD C:/Freescale/CW MCU v10.4/MCU/ARM_GCC_Support/ewl/lib/armv6-m\libc.a
LOAD C:/Freescale/CW MCU v10.4/MCU/ARM_GCC_Support/ewl/lib/armv6-m\libm.a
LOAD c:/freescale/cw mcu v10.4/cross_tools/arm-none-eabi-gcc-4_7_3/bin/../lib/gcc/arm-none-eabi/4.7.3/armv6-m\libgcc.a
LOAD C:/Freescale/CW MCU v10.4/MCU/ARM_GCC_Support/ewl/lib/armv6-m\librt.a
LOAD C:/Freescale/CW MCU v10.4/MCU/ARM_GCC_Support/ewl/lib/armv6-m\libuart.a
END GROUP
                0x20003000                _estack = 0x20003000
                0x20003000                __SP_INIT = _estack
                0x00000400                __heap_size = 0x400
                0x00000400                __stack_size = 0x400

.interrupts     0x00000000       0xc0
                0x00000000                __vector_table = .
                0x00000000                . = ALIGN (0x4)
 *(.vectortable)
 .vectortable   0x00000000       0xc0 ./Project_Settings/Startup_Code/kinetis_sysinit.o
                0x00000000                InterruptVector
                0x000000c0                . = ALIGN (0x4)

.cfmprotect     0x00000400        0x0
                0x00000400                . = ALIGN (0x4)
 *(.cfmconfig)
                0x00000400                . = ALIGN (0x4)

.text           0x00000800     0x373c
                0x00000800                . = ALIGN (0x4)
 *(.text)
 .text          0x00000800       0x14 c:/freescale/cw mcu v10.4/cross_tools/arm-none-eabi-gcc-4_7_3/bin/../lib/gcc/arm-none-eabi/4.7.3/armv6-m\libgcc.a(_thumb1_case_sqi.o)
                0x00000800                __gnu_thumb1_case_sqi
 .text          0x00000814       0x14 c:/freescale/cw mcu v10.4/cross_tools/arm-none-eabi-gcc-4_7_3/bin/../lib/gcc/arm-none-eabi/4.7.3/armv6-m\libgcc.a(_thumb1_case_uqi.o)
                0x00000814                __gnu_thumb1_case_uqi
 .text          0x00000828       0x9c c:/freescale/cw mcu v10.4/cross_tools/arm-none-eabi-gcc-4_7_3/bin/../lib/gcc/arm-none-eabi/4.7.3/armv6-m\libgcc.a(_udivsi3.o)
                0x00000828                __aeabi_uidiv
                0x00000828                __udivsi3
                0x000008b0                __aeabi_uidivmod
 .text          0x000008c4        0x4 c:/freescale/cw mcu v10.4/cross_tools/arm-none-eabi-gcc-4_7_3/bin/../lib/gcc/arm-none-eabi/4.7.3/armv6-m\libgcc.a(_dvmd_tls.o)
                0x000008c4                __aeabi_idiv0
                0x000008c4                __aeabi_ldiv0
 *(.text*)
 .text.Default_Handler
                0x000008c8        0xc ./Project_Settings/Startup_Code/kinetis_sysinit.o
                0x000008c8                RTC_Alarm_IRQHandler
                0x000008c8                I2C0_IRQHandler
                0x000008c8                HardFault_Handler
                0x000008c8                SysTick_Handler
                0x000008c8                PendSV_Handler
                0x000008c8                NMI_Handler
                0x000008c8                I2C1_IRQHandler
                0x000008c8                UART1_IRQHandler
                0x000008c8                DMA2_IRQHandler
                0x000008c8                TSI0_IRQHandler
                0x000008c8                UART0_IRQHandler
                0x000008c8                ADC0_IRQHandler
                0x000008c8                SPI1_IRQHandler
                0x000008c8                LPTimer_IRQHandler
                0x000008c8                FTM1_IRQHandler
                0x000008c8                RTC_Seconds_IRQHandler
                0x000008c8                MCG_IRQHandler
                0x000008c8                UART2_IRQHandler
                0x000008c8                Default_Handler
                0x000008c8                LLW_IRQHandler
                0x000008c8                PIT_IRQHandler
                0x000008c8                SVC_Handler
                0x000008c8                USBOTG_IRQHandler
                0x000008c8                DMA3_IRQHandler
                0x000008c8                DMA0_IRQHandler
                0x000008c8                DAC0_IRQHandler
                0x000008c8                PMC_IRQHandler
                0x000008c8                SPI0_IRQHandler
                0x000008c8                FTM0_IRQHandler
                0x000008c8                PORTA_IRQHandler
                0x000008c8                MCM_IRQHandler
                0x000008c8                FTFL_IRQHandler
                0x000008c8                FTM2_IRQHandler
                0x000008c8                CMP0_IRQHandler
                0x000008c8                DMA1_IRQHandler
 .text.__init_hardware
                0x000008d4       0x2c ./Project_Settings/Startup_Code/kinetis_sysinit.o
                0x000008d4                __init_hardware
 .text.zero_fill_bss
                0x00000900       0x24 ./Project_Settings/Startup_Code/__arm_start.o
 .text.__thumb_startup
                0x00000924       0x30 ./Project_Settings/Startup_Code/__arm_start.o
                0x00000924                __thumb_startup
 .text._ExitProcess
                0x00000954        0xc ./Project_Settings/Startup_Code/__arm_end.o
                0x00000954                _ExitProcess
 .text.data_mouse
                0x00000960       0x7c ./Sources/mouse_init.o
                0x00000960                data_mouse
 .text.main     0x000009dc       0xc4 ./Sources/main.o
                0x000009dc                main
 .text.cfgPortsLCD
                0x00000aa0      0x124 ./Sources/lcd.o
                0x00000aa0                cfgPortsLCD
 .text.delay    0x00000bc4       0x2c ./Sources/lcd.o
                0x00000bc4                delay
 .text.initLCD  0x00000bf0       0x3c ./Sources/lcd.o
                0x00000bf0                initLCD
 .text.sendCode
                0x00000c2c      0x10c ./Sources/lcd.o
                0x00000c2c                sendCode
 .text.shift_use
                0x00000d38      0x144 ./Sources/funciones_teclas.o
                0x00000d38                shift_use
 .text.alternative_mayus
                0x00000e7c       0x30 ./Sources/funciones_teclas.o
                0x00000e7c                alternative_mayus
 .text.alternative_key
                0x00000eac       0x30 ./Sources/funciones_teclas.o
                0x00000eac                alternative_key
 .text.bloq_mayus
                0x00000edc       0x64 ./Sources/funciones_teclas.o
                0x00000edc                bloq_mayus
 .text.writeLCD
                0x00000f40      0x128 ./Sources/funciones_teclas.o
                0x00000f40                writeLCD
 .text.despla_izq
                0x00001068      0x1c4 ./Sources/funciones_teclas.o
                0x00001068                despla_izq
 .text.despla_der
                0x0000122c      0x1c4 ./Sources/funciones_teclas.o
                0x0000122c                despla_der
 .text.despla_up
                0x000013f0      0x1c8 ./Sources/funciones_teclas.o
                0x000013f0                despla_up
 .text.despla_down
                0x000015b8      0x1c8 ./Sources/funciones_teclas.o
                0x000015b8                despla_down
 .text.F_keyboad
                0x00001780       0x4c ./Sources/funciones_teclas.o
                0x00001780                F_keyboad
 .text.deleteLCD
                0x000017cc      0x150 ./Sources/funciones_teclas.o
                0x000017cc                deleteLCD
 .text.enter    0x0000191c      0x1f4 ./Sources/funciones_teclas.o
                0x0000191c                enter
 .text.clear_page
                0x00001b10       0x84 ./Sources/funciones_teclas.o
                0x00001b10                clear_page
 .text.uart_use
                0x00001b94       0x30 ./Sources/funciones_teclas.o
                0x00001b94                uart_use
 .text.UARTinit
                0x00001bc4      0x140 ./Sources/funciones_teclas.o
                0x00001bc4                UARTinit
 .text.teclado_use
                0x00001d04      0x2c0 ./Sources/decodificacion.o
                0x00001d04                teclado_use
 .text.LCD_use  0x00001fc4      0x550 ./Sources/decodificacion.o
                0x00001fc4                LCD_use
 .text.UARTsend
                0x00002514      0x3b0 ./Sources/decodificacion.o
                0x00002514                UARTsend
 .text.cfgPortPS2
                0x000028c4       0xa0 ./Sources/cfgps2.o
                0x000028c4                cfgPortPS2
 .text.PORTD_IRQHandler
                0x00002964      0x194 ./Sources/cfgps2.o
                0x00002964                PORTD_IRQHandler
 .text.exit     0x00002af8       0x38 C:/Freescale/CW MCU v10.4/MCU/ARM_GCC_Support/ewl/lib/armv6-m\libc.a(exit.o)
                0x00002af8                exit
 .text.memset   0x00002b30        0xc C:/Freescale/CW MCU v10.4/MCU/ARM_GCC_Support/ewl/lib/armv6-m\libc.a(memset.o)
                0x00002b30                memset
 .text.long2str.isra.0
                0x00002b3c      0x19c C:/Freescale/CW MCU v10.4/MCU/ARM_GCC_Support/ewl/lib/armv6-m\libc.a(printformat_.o)
 .text.__pformatter_
                0x00002cd8      0x428 C:/Freescale/CW MCU v10.4/MCU/ARM_GCC_Support/ewl/lib/armv6-m\libc.a(printformat_.o)
                0x00002cd8                __pformatter_
 .text.__sformatter
                0x00003100      0x698 C:/Freescale/CW MCU v10.4/MCU/ARM_GCC_Support/ewl/lib/armv6-m\libc.a(scanformat_.o)
                0x00003100                __sformatter
 .text.isalpha  0x00003798       0x20 C:/Freescale/CW MCU v10.4/MCU/ARM_GCC_Support/ewl/lib/armv6-m\libc.a(ctype_aeabi.o)
                0x00003798                isalpha
 .text.isspace  0x000037b8       0x20 C:/Freescale/CW MCU v10.4/MCU/ARM_GCC_Support/ewl/lib/armv6-m\libc.a(ctype_aeabi.o)
                0x000037b8                isspace
 .text.toupper  0x000037d8        0xe C:/Freescale/CW MCU v10.4/MCU/ARM_GCC_Support/ewl/lib/armv6-m\libc.a(ctype_aeabi.o)
                0x000037d8                toupper
 .text.__strtoul
                0x000037e6      0x1ce C:/Freescale/CW MCU v10.4/MCU/ARM_GCC_Support/ewl/lib/armv6-m\libc.a(__strtoul.o)
                0x000037e6                __strtoul
 .text.__fill_mem
                0x000039b4       0x7e C:/Freescale/CW MCU v10.4/MCU/ARM_GCC_Support/ewl/lib/armv6-m\libc.a(__filll_mem.o)
                0x000039b4                __fill_mem
 .text.memchr   0x00003a32       0x1a C:/Freescale/CW MCU v10.4/MCU/ARM_GCC_Support/ewl/lib/armv6-m\libc.a(memchr.o)
                0x00003a32                memchr
 .text.memcpy   0x00003a4c       0x12 C:/Freescale/CW MCU v10.4/MCU/ARM_GCC_Support/ewl/lib/armv6-m\libc.a(memcpy.o)
                0x00003a4c                memcpy
 .text.strchr   0x00003a5e       0x1e C:/Freescale/CW MCU v10.4/MCU/ARM_GCC_Support/ewl/lib/armv6-m\libc.a(strchr.o)
                0x00003a5e                strchr
 .text.strlen   0x00003a7c       0x10 C:/Freescale/CW MCU v10.4/MCU/ARM_GCC_Support/ewl/lib/armv6-m\libc.a(strlen.o)
                0x00003a7c                strlen
 .text.__init_cpp
                0x00003a8c       0x48 C:/Freescale/CW MCU v10.4/MCU/ARM_GCC_Support/ewl/lib/armv6-m\librt.a(gcc_ctor_dtor.o)
                0x00003a8c                __init_cpp
 .text.__fini_cpp
                0x00003ad4       0x34 C:/Freescale/CW MCU v10.4/MCU/ARM_GCC_Support/ewl/lib/armv6-m\librt.a(gcc_ctor_dtor.o)
                0x00003ad4                __fini_cpp
 .text.__copy_rom_section
                0x00003b08       0x48 C:/Freescale/CW MCU v10.4/MCU/ARM_GCC_Support/ewl/lib/armv6-m\librt.a(ROMCopy.o)
                0x00003b08                __copy_rom_section
 .text.__copy_rom_sections_to_ram
                0x00003b50       0x34 C:/Freescale/CW MCU v10.4/MCU/ARM_GCC_Support/ewl/lib/armv6-m\librt.a(ROMCopy.o)
                0x00003b50                __copy_rom_sections_to_ram
 .text.__destroy_global_chain
                0x00003b84       0x1c C:/Freescale/CW MCU v10.4/MCU/ARM_GCC_Support/ewl/lib/armv6-m\librt.a(__arm_eabi_init.o)
                0x00003b84                __destroy_global_chain
 .text.__init_registers
                0x00003ba0       0x1c C:/Freescale/CW MCU v10.4/MCU/ARM_GCC_Support/ewl/lib/armv6-m\librt.a(__arm_eabi_init.o)
                0x00003ba0                __init_registers
 .text.__init_user
                0x00003bbc        0x4 C:/Freescale/CW MCU v10.4/MCU/ARM_GCC_Support/ewl/lib/armv6-m\librt.a(__arm_eabi_init.o)
                0x00003bbc                __init_user
 *(.rodata)
 *(.rodata*)
 .rodata.teclado_use
                0x00003bc0      0x204 ./Sources/decodificacion.o
 .rodata.LCD_use
                0x00003dc4       0x20 ./Sources/decodificacion.o
 .rodata.UARTsend
                0x00003de4       0x20 ./Sources/decodificacion.o
 .rodata.PORTD_IRQHandler
                0x00003e04       0x2c ./Sources/cfgps2.o
 .rodata.str1.1
                0x00003e30        0x1 C:/Freescale/CW MCU v10.4/MCU/ARM_GCC_Support/ewl/lib/armv6-m\libc.a(printformat_.o)
 .rodata.CSWTCH.20
                0x00003e31        0x5 C:/Freescale/CW MCU v10.4/MCU/ARM_GCC_Support/ewl/lib/armv6-m\libc.a(printformat_.o)
 .rodata.CSWTCH.21
                0x00003e36        0x5 C:/Freescale/CW MCU v10.4/MCU/ARM_GCC_Support/ewl/lib/armv6-m\libc.a(printformat_.o)
 .rodata.__aeabi_ctype_table_C
                0x00003e3b      0x101 C:/Freescale/CW MCU v10.4/MCU/ARM_GCC_Support/ewl/lib/armv6-m\libc.a(ctype_aeabi.o)
                0x00003e3b                __aeabi_ctype_table_C
 *(.glue_7)
 .glue_7        0x00000000        0x0 linker stubs
 *(.glue_7t)
 .glue_7t       0x00000000        0x0 linker stubs
 *(.eh_frame)
 *(.init)
 *(.fini)
                0x00003f3c                . = ALIGN (0x4)
                0x00003f3c                _etext = .

.vfp11_veneer   0x00003f3c        0x0
 .vfp11_veneer  0x00000000        0x0 linker stubs

.v4_bx          0x00003f3c        0x0
 .v4_bx         0x00000000        0x0 linker stubs

.iplt           0x00003f3c        0x0
 .iplt          0x00000000        0x0 ./Project_Settings/Startup_Code/kinetis_sysinit.o

.rel.dyn        0x00003f3c        0x0
 .rel.iplt      0x00000000        0x0 ./Project_Settings/Startup_Code/kinetis_sysinit.o

.ARM.extab
 *(.ARM.extab* .gnu.linkonce.armextab.*)

.ARM            0x00003f3c        0x0
                0x00003f3c                __exidx_start = .
 *(.ARM.exidx*)
                0x00003f3c                __exidx_end = .

.ctors          0x00003f3c        0x0
                0x00003f3c                __CTOR_LIST__ = .
 *crtbegin.o(.ctors)
 *(EXCLUDE_FILE(*crtend.o) .ctors)
 *(SORT(.ctors.*))
 *(.ctors)
                0x00003f3c                __CTOR_END__ = .

.dtors          0x00003f3c        0x0
                0x00003f3c                __DTOR_LIST__ = .
 *crtbegin.o(.dtors)
 *(EXCLUDE_FILE(*crtend.o) .dtors)
 *(SORT(.dtors.*))
 *(.dtors)
                0x00003f3c                __DTOR_END__ = .

.preinit_array  0x00003f3c        0x0
                0x00003f3c                PROVIDE (__preinit_array_start, .)
 *(.preinit_array*)
                0x00003f3c                PROVIDE (__preinit_array_end, .)

.init_array     0x00003f3c        0x0
                0x00003f3c                PROVIDE (__init_array_start, .)
 *(SORT(.init_array.*))
 *(.init_array*)
                0x00003f3c                PROVIDE (__init_array_end, .)

.fini_array     0x00003f3c        0x0
                0x00003f3c                PROVIDE (__fini_array_start, .)
 *(SORT(.fini_array.*))
 *(.fini_array*)
                0x00003f3c                PROVIDE (__fini_array_end, .)
                0x00003f3c                ___ROM_AT = .

.mtb            0x1ffff000        0x0
                0x1ffff000                . = ALIGN (0x8)
                0x1ffff000                _mtb_start = .
 *(.mtb_buf)
                0x1ffff000                . = ALIGN (0x8)
                0x1ffff000                _mtb_end = .

.data           0x1ffff000        0x0 load address 0x00003f3c
                0x1ffff000                . = ALIGN (0x4)
                0x1ffff000                _sdata = .
 *(.data)
 *(.data*)
                0x1ffff000                . = ALIGN (0x4)
                0x1ffff000                _edata = .
                0x00000000                ___data_size = (_edata - _sdata)

.igot.plt       0x1ffff000        0x0
 .igot.plt      0x00000000        0x0 ./Project_Settings/Startup_Code/kinetis_sysinit.o
                0x1ffff000                . = ALIGN (0x4)

.bss            0x1ffff000      0x20c
                0x1ffff000                __START_BSS = .
                0x1ffff000                PROVIDE (__bss_start__, __START_BSS)
 *(.bss)
 *(.bss*)
 .bss.argv      0x1ffff000        0x4 ./Project_Settings/Startup_Code/__arm_start.o
 .bss.__stdio_exit
                0x1ffff004        0x4 C:/Freescale/CW MCU v10.4/MCU/ARM_GCC_Support/ewl/lib/armv6-m\libc.a(exit.o)
                0x1ffff004                __stdio_exit
 .bss.__console_exit
                0x1ffff008        0x4 C:/Freescale/CW MCU v10.4/MCU/ARM_GCC_Support/ewl/lib/armv6-m\libc.a(exit.o)
                0x1ffff008                __console_exit
 .bss.__S_romp  0x1ffff00c        0xc C:/Freescale/CW MCU v10.4/MCU/ARM_GCC_Support/ewl/lib/armv6-m\librt.a(ROMCopy.o)
 .bss.__global_destructor_chain
                0x1ffff018        0x4 C:/Freescale/CW MCU v10.4/MCU/ARM_GCC_Support/ewl/lib/armv6-m\librt.a(__arm_eabi_init.o)
                0x1ffff018                __global_destructor_chain
 *(COMMON)
 COMMON         0x1ffff01c       0xc8 ./Sources/mouse_init.o
                0x1ffff01c                coord_y
                0x1ffff020                trama
                0x1ffff024                data_ready
                0x1ffff028                x
                0x1ffff02c                n
                0x1ffff030                trama_mouse
                0x1ffff034                start_trama
                0x1ffff038                d8
                0x1ffff03c                d1
                0x1ffff040                pos
                0x1ffff044                initialization_mouse
                0x1ffff06c                mask
                0x1ffff070                d10
                0x1ffff074                r
                0x1ffff078                clk
                0x1ffff07c                i
                0x1ffff080                data_trama_ready
                0x1ffff084                d9
                0x1ffff088                d7
                0x1ffff08c                dec
                0x1ffff090                uni
                0x1ffff094                coord_x
                0x1ffff098                data_bit
                0x1ffff09c                d2
                0x1ffff0a0                d0
                0x1ffff0a4                init
                0x1ffff0a8                escritura
                0x1ffff0ac                d5
                0x1ffff0b0                data
                0x1ffff0b4                coord_X
                0x1ffff0b8                d4
                0x1ffff0bc                sig_x
                0x1ffff0c0                d
                0x1ffff0c4                counter_bit
                0x1ffff0c8                coord_Y
                0x1ffff0cc                value_y
                0x1ffff0d0                sig_y
                0x1ffff0d4                value_x
                0x1ffff0d8                cen
                0x1ffff0dc                d6
                0x1ffff0e0                d3
 COMMON         0x1ffff0e4      0x127 ./Sources/main.o
                0x1ffff0e4                lim_hi
                0x1ffff0e8                shift
                0x1ffff0ec                mayus
                0x1ffff0f0                writting
                0x1ffff0f4                memory
                0x1ffff0f8                teclado
                0x1ffff0fc                page
                0x1ffff100                place
                0x1ffff104                lim_lo
                0x1ffff108                uart
                0x1ffff10c                LCD
                0x1ffff20c                . = ALIGN (0x4)
 *fill*         0x1ffff20b        0x1 00
                0x1ffff20c                __END_BSS = .
                0x1ffff20c                PROVIDE (__bss_end__, __END_BSS)
                0x00003f3c                _romp_at = (___ROM_AT + SIZEOF (.data))

.romp           0x1ffff20c       0x18 load address 0x00003f3c
                0x00003f3c                __S_romp = _romp_at
                0x1ffff20c        0x4 LONG 0x3f3c ___ROM_AT
                0x1ffff210        0x4 LONG 0x1ffff000 _sdata
                0x1ffff214        0x4 LONG 0x0 ___data_size
                0x1ffff218        0x4 LONG 0x0
                0x1ffff21c        0x4 LONG 0x0
                0x1ffff220        0x4 LONG 0x0

._user_heap_stack
                0x1ffff224      0x800 load address 0x00003f54
                0x1ffff224                . = ALIGN (0x4)
                0x1ffff224                PROVIDE (end, .)
                0x1ffff224                PROVIDE (_end, .)
                0x1ffff224                __heap_addr = .
                0x1ffff624                . = (. + __heap_size)
 *fill*         0x1ffff224      0x400 00
                0x1ffffa24                . = (. + __stack_size)
 *fill*         0x1ffff624      0x400 00
                0x1ffffa24                . = ALIGN (0x4)

.ARM.attributes
                0x00000000       0x31
 *(.ARM.attributes)
 .ARM.attributes
                0x00000000       0x31 ./Project_Settings/Startup_Code/kinetis_sysinit.o
 .ARM.attributes
                0x00000031       0x31 ./Project_Settings/Startup_Code/__arm_start.o
 .ARM.attributes
                0x00000062       0x31 ./Project_Settings/Startup_Code/__arm_end.o
 .ARM.attributes
                0x00000093       0x31 ./Sources/mouse_init.o
 .ARM.attributes
                0x000000c4       0x31 ./Sources/main.o
 .ARM.attributes
                0x000000f5       0x31 ./Sources/lcd.o
 .ARM.attributes
                0x00000126       0x31 ./Sources/funciones_teclas.o
 .ARM.attributes
                0x00000157       0x31 ./Sources/decodificacion.o
 .ARM.attributes
                0x00000188       0x31 ./Sources/cfgps2.o
 .ARM.attributes
                0x000001b9       0x31 C:/Freescale/CW MCU v10.4/MCU/ARM_GCC_Support/ewl/lib/armv6-m\libc.a(exit.o)
 .ARM.attributes
                0x000001ea       0x31 C:/Freescale/CW MCU v10.4/MCU/ARM_GCC_Support/ewl/lib/armv6-m\libc.a(memset.o)
 .ARM.attributes
                0x0000021b       0x31 C:/Freescale/CW MCU v10.4/MCU/ARM_GCC_Support/ewl/lib/armv6-m\libc.a(printformat_.o)
 .ARM.attributes
                0x0000024c       0x31 C:/Freescale/CW MCU v10.4/MCU/ARM_GCC_Support/ewl/lib/armv6-m\libc.a(scanformat_.o)
 .ARM.attributes
                0x0000027d       0x31 C:/Freescale/CW MCU v10.4/MCU/ARM_GCC_Support/ewl/lib/armv6-m\libc.a(ctype_aeabi.o)
 .ARM.attributes
                0x000002ae       0x31 C:/Freescale/CW MCU v10.4/MCU/ARM_GCC_Support/ewl/lib/armv6-m\libc.a(__strtoul.o)
 .ARM.attributes
                0x000002df       0x31 C:/Freescale/CW MCU v10.4/MCU/ARM_GCC_Support/ewl/lib/armv6-m\libc.a(__filll_mem.o)
 .ARM.attributes
                0x00000310       0x31 C:/Freescale/CW MCU v10.4/MCU/ARM_GCC_Support/ewl/lib/armv6-m\libc.a(memchr.o)
 .ARM.attributes
                0x00000341       0x31 C:/Freescale/CW MCU v10.4/MCU/ARM_GCC_Support/ewl/lib/armv6-m\libc.a(memcpy.o)
 .ARM.attributes
                0x00000372       0x31 C:/Freescale/CW MCU v10.4/MCU/ARM_GCC_Support/ewl/lib/armv6-m\libc.a(strchr.o)
 .ARM.attributes
                0x000003a3       0x31 C:/Freescale/CW MCU v10.4/MCU/ARM_GCC_Support/ewl/lib/armv6-m\libc.a(strlen.o)
 .ARM.attributes
                0x000003d4       0x1e c:/freescale/cw mcu v10.4/cross_tools/arm-none-eabi-gcc-4_7_3/bin/../lib/gcc/arm-none-eabi/4.7.3/armv6-m\libgcc.a(_thumb1_case_sqi.o)
 .ARM.attributes
                0x000003f2       0x1e c:/freescale/cw mcu v10.4/cross_tools/arm-none-eabi-gcc-4_7_3/bin/../lib/gcc/arm-none-eabi/4.7.3/armv6-m\libgcc.a(_thumb1_case_uqi.o)
 .ARM.attributes
                0x00000410       0x1e c:/freescale/cw mcu v10.4/cross_tools/arm-none-eabi-gcc-4_7_3/bin/../lib/gcc/arm-none-eabi/4.7.3/armv6-m\libgcc.a(_udivsi3.o)
 .ARM.attributes
                0x0000042e       0x1e c:/freescale/cw mcu v10.4/cross_tools/arm-none-eabi-gcc-4_7_3/bin/../lib/gcc/arm-none-eabi/4.7.3/armv6-m\libgcc.a(_dvmd_tls.o)
 .ARM.attributes
                0x0000044c       0x31 C:/Freescale/CW MCU v10.4/MCU/ARM_GCC_Support/ewl/lib/armv6-m\librt.a(gcc_ctor_dtor.o)
 .ARM.attributes
                0x0000047d       0x31 C:/Freescale/CW MCU v10.4/MCU/ARM_GCC_Support/ewl/lib/armv6-m\librt.a(ROMCopy.o)
 .ARM.attributes
                0x000004ae       0x31 C:/Freescale/CW MCU v10.4/MCU/ARM_GCC_Support/ewl/lib/armv6-m\librt.a(__arm_eabi_init.o)
OUTPUT(teclado_ps2.elf elf32-littlearm)

.debug_info     0x00000000     0x49fb
 .debug_info    0x00000000      0x447 ./Project_Settings/Startup_Code/kinetis_sysinit.o
 .debug_info    0x00000447      0x12a ./Project_Settings/Startup_Code/__arm_start.o
 .debug_info    0x00000571       0x54 ./Project_Settings/Startup_Code/__arm_end.o
 .debug_info    0x000005c5      0x6e7 ./Sources/mouse_init.o
 .debug_info    0x00000cac      0x44c ./Sources/main.o
 .debug_info    0x000010f8      0x517 ./Sources/lcd.o
 .debug_info    0x0000160f      0x9a5 ./Sources/funciones_teclas.o
 .debug_info    0x00001fb4      0x54e ./Sources/decodificacion.o
 .debug_info    0x00002502      0x8e1 ./Sources/cfgps2.o
 .debug_info    0x00002de3       0xe8 C:/Freescale/CW MCU v10.4/MCU/ARM_GCC_Support/ewl/lib/armv6-m\libc.a(exit.o)
 .debug_info    0x00002ecb       0xec C:/Freescale/CW MCU v10.4/MCU/ARM_GCC_Support/ewl/lib/armv6-m\libc.a(memset.o)
 .debug_info    0x00002fb7      0x50d C:/Freescale/CW MCU v10.4/MCU/ARM_GCC_Support/ewl/lib/armv6-m\libc.a(printformat_.o)
 .debug_info    0x000034c4      0x568 C:/Freescale/CW MCU v10.4/MCU/ARM_GCC_Support/ewl/lib/armv6-m\libc.a(scanformat_.o)
 .debug_info    0x00003a2c      0x313 C:/Freescale/CW MCU v10.4/MCU/ARM_GCC_Support/ewl/lib/armv6-m\libc.a(ctype_aeabi.o)
 .debug_info    0x00003d3f      0x1d6 C:/Freescale/CW MCU v10.4/MCU/ARM_GCC_Support/ewl/lib/armv6-m\libc.a(__strtoul.o)
 .debug_info    0x00003f15      0x137 C:/Freescale/CW MCU v10.4/MCU/ARM_GCC_Support/ewl/lib/armv6-m\libc.a(__filll_mem.o)
 .debug_info    0x0000404c      0x121 C:/Freescale/CW MCU v10.4/MCU/ARM_GCC_Support/ewl/lib/armv6-m\libc.a(memchr.o)
 .debug_info    0x0000416d      0x10f C:/Freescale/CW MCU v10.4/MCU/ARM_GCC_Support/ewl/lib/armv6-m\libc.a(memcpy.o)
 .debug_info    0x0000427c      0x10b C:/Freescale/CW MCU v10.4/MCU/ARM_GCC_Support/ewl/lib/armv6-m\libc.a(strchr.o)
 .debug_info    0x00004387       0xea C:/Freescale/CW MCU v10.4/MCU/ARM_GCC_Support/ewl/lib/armv6-m\libc.a(strlen.o)
 .debug_info    0x00004471      0x136 C:/Freescale/CW MCU v10.4/MCU/ARM_GCC_Support/ewl/lib/armv6-m\librt.a(gcc_ctor_dtor.o)
 .debug_info    0x000045a7      0x19b C:/Freescale/CW MCU v10.4/MCU/ARM_GCC_Support/ewl/lib/armv6-m\librt.a(ROMCopy.o)
 .debug_info    0x00004742      0x2b9 C:/Freescale/CW MCU v10.4/MCU/ARM_GCC_Support/ewl/lib/armv6-m\librt.a(__arm_eabi_init.o)

.debug_abbrev   0x00000000     0x13ac
 .debug_abbrev  0x00000000       0xe7 ./Project_Settings/Startup_Code/kinetis_sysinit.o
 .debug_abbrev  0x000000e7       0x92 ./Project_Settings/Startup_Code/__arm_start.o
 .debug_abbrev  0x00000179       0x4c ./Project_Settings/Startup_Code/__arm_end.o
 .debug_abbrev  0x000001c5      0x106 ./Sources/mouse_init.o
 .debug_abbrev  0x000002cb       0x73 ./Sources/main.o
 .debug_abbrev  0x0000033e      0x11d ./Sources/lcd.o
 .debug_abbrev  0x0000045b      0x15f ./Sources/funciones_teclas.o
 .debug_abbrev  0x000005ba       0xce ./Sources/decodificacion.o
 .debug_abbrev  0x00000688       0xf6 ./Sources/cfgps2.o
 .debug_abbrev  0x0000077e       0x7a C:/Freescale/CW MCU v10.4/MCU/ARM_GCC_Support/ewl/lib/armv6-m\libc.a(exit.o)
 .debug_abbrev  0x000007f8       0x62 C:/Freescale/CW MCU v10.4/MCU/ARM_GCC_Support/ewl/lib/armv6-m\libc.a(memset.o)
 .debug_abbrev  0x0000085a      0x200 C:/Freescale/CW MCU v10.4/MCU/ARM_GCC_Support/ewl/lib/armv6-m\libc.a(printformat_.o)
 .debug_abbrev  0x00000a5a      0x1f0 C:/Freescale/CW MCU v10.4/MCU/ARM_GCC_Support/ewl/lib/armv6-m\libc.a(scanformat_.o)
 .debug_abbrev  0x00000c4a       0x9e C:/Freescale/CW MCU v10.4/MCU/ARM_GCC_Support/ewl/lib/armv6-m\libc.a(ctype_aeabi.o)
 .debug_abbrev  0x00000ce8       0xc2 C:/Freescale/CW MCU v10.4/MCU/ARM_GCC_Support/ewl/lib/armv6-m\libc.a(__strtoul.o)
 .debug_abbrev  0x00000daa       0x78 C:/Freescale/CW MCU v10.4/MCU/ARM_GCC_Support/ewl/lib/armv6-m\libc.a(__filll_mem.o)
 .debug_abbrev  0x00000e22       0x95 C:/Freescale/CW MCU v10.4/MCU/ARM_GCC_Support/ewl/lib/armv6-m\libc.a(memchr.o)
 .debug_abbrev  0x00000eb7       0x95 C:/Freescale/CW MCU v10.4/MCU/ARM_GCC_Support/ewl/lib/armv6-m\libc.a(memcpy.o)
 .debug_abbrev  0x00000f4c       0x7a C:/Freescale/CW MCU v10.4/MCU/ARM_GCC_Support/ewl/lib/armv6-m\libc.a(strchr.o)
 .debug_abbrev  0x00000fc6       0x7a C:/Freescale/CW MCU v10.4/MCU/ARM_GCC_Support/ewl/lib/armv6-m\libc.a(strlen.o)
 .debug_abbrev  0x00001040       0x99 C:/Freescale/CW MCU v10.4/MCU/ARM_GCC_Support/ewl/lib/armv6-m\librt.a(gcc_ctor_dtor.o)
 .debug_abbrev  0x000010d9      0x120 C:/Freescale/CW MCU v10.4/MCU/ARM_GCC_Support/ewl/lib/armv6-m\librt.a(ROMCopy.o)
 .debug_abbrev  0x000011f9      0x1b3 C:/Freescale/CW MCU v10.4/MCU/ARM_GCC_Support/ewl/lib/armv6-m\librt.a(__arm_eabi_init.o)

.debug_loc      0x00000000     0x2d1b
 .debug_loc     0x00000000       0x58 ./Project_Settings/Startup_Code/kinetis_sysinit.o
 .debug_loc     0x00000058       0x2c ./Project_Settings/Startup_Code/__arm_start.o
 .debug_loc     0x00000084       0x38 ./Project_Settings/Startup_Code/__arm_end.o
 .debug_loc     0x000000bc       0x64 ./Sources/mouse_init.o
 .debug_loc     0x00000120       0x2c ./Sources/main.o
 .debug_loc     0x0000014c      0x138 ./Sources/lcd.o
 .debug_loc     0x00000284      0x2d0 ./Sources/funciones_teclas.o
 .debug_loc     0x00000554       0x84 ./Sources/decodificacion.o
 .debug_loc     0x000005d8       0x58 ./Sources/cfgps2.o
 .debug_loc     0x00000630       0x3e C:/Freescale/CW MCU v10.4/MCU/ARM_GCC_Support/ewl/lib/armv6-m\libc.a(exit.o)
 .debug_loc     0x0000066e       0x6f C:/Freescale/CW MCU v10.4/MCU/ARM_GCC_Support/ewl/lib/armv6-m\libc.a(memset.o)
 .debug_loc     0x000006dd     0x104b C:/Freescale/CW MCU v10.4/MCU/ARM_GCC_Support/ewl/lib/armv6-m\libc.a(printformat_.o)
 .debug_loc     0x00001728      0x9d8 C:/Freescale/CW MCU v10.4/MCU/ARM_GCC_Support/ewl/lib/armv6-m\libc.a(scanformat_.o)
 .debug_loc     0x00002100      0x30d C:/Freescale/CW MCU v10.4/MCU/ARM_GCC_Support/ewl/lib/armv6-m\libc.a(ctype_aeabi.o)
 .debug_loc     0x0000240d      0x305 C:/Freescale/CW MCU v10.4/MCU/ARM_GCC_Support/ewl/lib/armv6-m\libc.a(__strtoul.o)
 .debug_loc     0x00002712      0x14a C:/Freescale/CW MCU v10.4/MCU/ARM_GCC_Support/ewl/lib/armv6-m\libc.a(__filll_mem.o)
 .debug_loc     0x0000285c       0x77 C:/Freescale/CW MCU v10.4/MCU/ARM_GCC_Support/ewl/lib/armv6-m\libc.a(memchr.o)
 .debug_loc     0x000028d3       0x59 C:/Freescale/CW MCU v10.4/MCU/ARM_GCC_Support/ewl/lib/armv6-m\libc.a(memcpy.o)
 .debug_loc     0x0000292c       0xaf C:/Freescale/CW MCU v10.4/MCU/ARM_GCC_Support/ewl/lib/armv6-m\libc.a(strchr.o)
 .debug_loc     0x000029db       0x33 C:/Freescale/CW MCU v10.4/MCU/ARM_GCC_Support/ewl/lib/armv6-m\libc.a(strlen.o)
 .debug_loc     0x00002a0e       0x9d C:/Freescale/CW MCU v10.4/MCU/ARM_GCC_Support/ewl/lib/armv6-m\librt.a(gcc_ctor_dtor.o)
 .debug_loc     0x00002aab       0xd9 C:/Freescale/CW MCU v10.4/MCU/ARM_GCC_Support/ewl/lib/armv6-m\librt.a(ROMCopy.o)
 .debug_loc     0x00002b84      0x197 C:/Freescale/CW MCU v10.4/MCU/ARM_GCC_Support/ewl/lib/armv6-m\librt.a(__arm_eabi_init.o)

.debug_aranges  0x00000000      0x470
 .debug_aranges
                0x00000000       0x28 ./Project_Settings/Startup_Code/kinetis_sysinit.o
 .debug_aranges
                0x00000028       0x30 ./Project_Settings/Startup_Code/__arm_start.o
 .debug_aranges
                0x00000058       0x20 ./Project_Settings/Startup_Code/__arm_end.o
 .debug_aranges
                0x00000078       0x28 ./Sources/mouse_init.o
 .debug_aranges
                0x000000a0       0x20 ./Sources/main.o
 .debug_aranges
                0x000000c0       0x48 ./Sources/lcd.o
 .debug_aranges
                0x00000108       0x90 ./Sources/funciones_teclas.o
 .debug_aranges
                0x00000198       0x30 ./Sources/decodificacion.o
 .debug_aranges
                0x000001c8       0x28 ./Sources/cfgps2.o
 .debug_aranges
                0x000001f0       0x20 C:/Freescale/CW MCU v10.4/MCU/ARM_GCC_Support/ewl/lib/armv6-m\libc.a(exit.o)
 .debug_aranges
                0x00000210       0x20 C:/Freescale/CW MCU v10.4/MCU/ARM_GCC_Support/ewl/lib/armv6-m\libc.a(memset.o)
 .debug_aranges
                0x00000230       0x28 C:/Freescale/CW MCU v10.4/MCU/ARM_GCC_Support/ewl/lib/armv6-m\libc.a(printformat_.o)
 .debug_aranges
                0x00000258       0x20 C:/Freescale/CW MCU v10.4/MCU/ARM_GCC_Support/ewl/lib/armv6-m\libc.a(scanformat_.o)
 .debug_aranges
                0x00000278       0x88 C:/Freescale/CW MCU v10.4/MCU/ARM_GCC_Support/ewl/lib/armv6-m\libc.a(ctype_aeabi.o)
 .debug_aranges
                0x00000300       0x20 C:/Freescale/CW MCU v10.4/MCU/ARM_GCC_Support/ewl/lib/armv6-m\libc.a(__strtoul.o)
 .debug_aranges
                0x00000320       0x20 C:/Freescale/CW MCU v10.4/MCU/ARM_GCC_Support/ewl/lib/armv6-m\libc.a(__filll_mem.o)
 .debug_aranges
                0x00000340       0x20 C:/Freescale/CW MCU v10.4/MCU/ARM_GCC_Support/ewl/lib/armv6-m\libc.a(memchr.o)
 .debug_aranges
                0x00000360       0x20 C:/Freescale/CW MCU v10.4/MCU/ARM_GCC_Support/ewl/lib/armv6-m\libc.a(memcpy.o)
 .debug_aranges
                0x00000380       0x20 C:/Freescale/CW MCU v10.4/MCU/ARM_GCC_Support/ewl/lib/armv6-m\libc.a(strchr.o)
 .debug_aranges
                0x000003a0       0x20 C:/Freescale/CW MCU v10.4/MCU/ARM_GCC_Support/ewl/lib/armv6-m\libc.a(strlen.o)
 .debug_aranges
                0x000003c0       0x28 C:/Freescale/CW MCU v10.4/MCU/ARM_GCC_Support/ewl/lib/armv6-m\librt.a(gcc_ctor_dtor.o)
 .debug_aranges
                0x000003e8       0x30 C:/Freescale/CW MCU v10.4/MCU/ARM_GCC_Support/ewl/lib/armv6-m\librt.a(ROMCopy.o)
 .debug_aranges
                0x00000418       0x58 C:/Freescale/CW MCU v10.4/MCU/ARM_GCC_Support/ewl/lib/armv6-m\librt.a(__arm_eabi_init.o)

.debug_macinfo  0x00000000   0x113c02
 .debug_macinfo
                0x00000000    0x264b5 ./Project_Settings/Startup_Code/kinetis_sysinit.o
 .debug_macinfo
                0x000264b5     0x3e6d ./Project_Settings/Startup_Code/__arm_start.o
 .debug_macinfo
                0x0002a322     0x3456 ./Project_Settings/Startup_Code/__arm_end.o
 .debug_macinfo
                0x0002d778    0x26600 ./Sources/mouse_init.o
 .debug_macinfo
                0x00053d78    0x26645 ./Sources/main.o
 .debug_macinfo
                0x0007a3bd    0x265bb ./Sources/lcd.o
 .debug_macinfo
                0x000a0978    0x26645 ./Sources/funciones_teclas.o
 .debug_macinfo
                0x000c6fbd    0x26645 ./Sources/decodificacion.o
 .debug_macinfo
                0x000ed602    0x26600 ./Sources/cfgps2.o

.debug_line     0x00000000     0x279e
 .debug_line    0x00000000      0x205 ./Project_Settings/Startup_Code/kinetis_sysinit.o
 .debug_line    0x00000205      0x288 ./Project_Settings/Startup_Code/__arm_start.o
 .debug_line    0x0000048d      0x266 ./Project_Settings/Startup_Code/__arm_end.o
 .debug_line    0x000006f3      0x238 ./Sources/mouse_init.o
 .debug_line    0x0000092b      0x1fd ./Sources/main.o
 .debug_line    0x00000b28      0x264 ./Sources/lcd.o
 .debug_line    0x00000d8c      0x508 ./Sources/funciones_teclas.o
 .debug_line    0x00001294      0x413 ./Sources/decodificacion.o
 .debug_line    0x000016a7      0x21b ./Sources/cfgps2.o
 .debug_line    0x000018c2       0x8d C:/Freescale/CW MCU v10.4/MCU/ARM_GCC_Support/ewl/lib/armv6-m\libc.a(exit.o)
 .debug_line    0x0000194f       0x90 C:/Freescale/CW MCU v10.4/MCU/ARM_GCC_Support/ewl/lib/armv6-m\libc.a(memset.o)
 .debug_line    0x000019df      0x2c3 C:/Freescale/CW MCU v10.4/MCU/ARM_GCC_Support/ewl/lib/armv6-m\libc.a(printformat_.o)
 .debug_line    0x00001ca2      0x2be C:/Freescale/CW MCU v10.4/MCU/ARM_GCC_Support/ewl/lib/armv6-m\libc.a(scanformat_.o)
 .debug_line    0x00001f60      0x1be C:/Freescale/CW MCU v10.4/MCU/ARM_GCC_Support/ewl/lib/armv6-m\libc.a(ctype_aeabi.o)
 .debug_line    0x0000211e      0x11e C:/Freescale/CW MCU v10.4/MCU/ARM_GCC_Support/ewl/lib/armv6-m\libc.a(__strtoul.o)
 .debug_line    0x0000223c       0xf6 C:/Freescale/CW MCU v10.4/MCU/ARM_GCC_Support/ewl/lib/armv6-m\libc.a(__filll_mem.o)
 .debug_line    0x00002332       0x9f C:/Freescale/CW MCU v10.4/MCU/ARM_GCC_Support/ewl/lib/armv6-m\libc.a(memchr.o)
 .debug_line    0x000023d1       0x8b C:/Freescale/CW MCU v10.4/MCU/ARM_GCC_Support/ewl/lib/armv6-m\libc.a(memcpy.o)
 .debug_line    0x0000245c       0x7d C:/Freescale/CW MCU v10.4/MCU/ARM_GCC_Support/ewl/lib/armv6-m\libc.a(strchr.o)
 .debug_line    0x000024d9       0x85 C:/Freescale/CW MCU v10.4/MCU/ARM_GCC_Support/ewl/lib/armv6-m\libc.a(strlen.o)
 .debug_line    0x0000255e       0x6c C:/Freescale/CW MCU v10.4/MCU/ARM_GCC_Support/ewl/lib/armv6-m\librt.a(gcc_ctor_dtor.o)
 .debug_line    0x000025ca       0xbd C:/Freescale/CW MCU v10.4/MCU/ARM_GCC_Support/ewl/lib/armv6-m\librt.a(ROMCopy.o)
 .debug_line    0x00002687      0x117 C:/Freescale/CW MCU v10.4/MCU/ARM_GCC_Support/ewl/lib/armv6-m\librt.a(__arm_eabi_init.o)

.debug_str      0x00000000     0x1199
 .debug_str     0x00000000      0x286 ./Project_Settings/Startup_Code/kinetis_sysinit.o
                                0x2ad (size before relaxing)
 .debug_str     0x00000286       0x85 ./Project_Settings/Startup_Code/__arm_start.o
                                0x187 (size before relaxing)
 .debug_str     0x0000030b       0x41 ./Project_Settings/Startup_Code/__arm_end.o
                                 0xbe (size before relaxing)
 .debug_str     0x0000034c      0x14b ./Sources/mouse_init.o
                                0x34a (size before relaxing)
 .debug_str     0x00000497       0x4e ./Sources/main.o
                                0x20f (size before relaxing)
 .debug_str     0x000004e5       0x55 ./Sources/lcd.o
                                0x2b5 (size before relaxing)
 .debug_str     0x0000053a       0xf8 ./Sources/funciones_teclas.o
                                0x418 (size before relaxing)
 .debug_str     0x00000632       0x39 ./Sources/decodificacion.o
                                0x256 (size before relaxing)
 .debug_str     0x0000066b      0x297 ./Sources/cfgps2.o
                                0x5a9 (size before relaxing)
 .debug_str     0x00000902       0x5a C:/Freescale/CW MCU v10.4/MCU/ARM_GCC_Support/ewl/lib/armv6-m\libc.a(exit.o)
                                0x157 (size before relaxing)
 .debug_str     0x0000095c       0x23 C:/Freescale/CW MCU v10.4/MCU/ARM_GCC_Support/ewl/lib/armv6-m\libc.a(memset.o)
                                0x140 (size before relaxing)
 .debug_str     0x0000097f      0x244 C:/Freescale/CW MCU v10.4/MCU/ARM_GCC_Support/ewl/lib/armv6-m\libc.a(printformat_.o)
                                0x3b3 (size before relaxing)
 .debug_str     0x00000bc3      0x184 C:/Freescale/CW MCU v10.4/MCU/ARM_GCC_Support/ewl/lib/armv6-m\libc.a(scanformat_.o)
                                0x3f9 (size before relaxing)
 .debug_str     0x00000d47       0x9d C:/Freescale/CW MCU v10.4/MCU/ARM_GCC_Support/ewl/lib/armv6-m\libc.a(ctype_aeabi.o)
                                0x1bc (size before relaxing)
 .debug_str     0x00000de4       0x61 C:/Freescale/CW MCU v10.4/MCU/ARM_GCC_Support/ewl/lib/armv6-m\libc.a(__strtoul.o)
                                0x1fb (size before relaxing)
 .debug_str     0x00000e45       0x25 C:/Freescale/CW MCU v10.4/MCU/ARM_GCC_Support/ewl/lib/armv6-m\libc.a(__filll_mem.o)
                                0x152 (size before relaxing)
 .debug_str     0x00000e6a       0x1c C:/Freescale/CW MCU v10.4/MCU/ARM_GCC_Support/ewl/lib/armv6-m\libc.a(memchr.o)
                                0x148 (size before relaxing)
 .debug_str     0x00000e86       0x1c C:/Freescale/CW MCU v10.4/MCU/ARM_GCC_Support/ewl/lib/armv6-m\libc.a(memcpy.o)
                                0x138 (size before relaxing)
 .debug_str     0x00000ea2       0x1c C:/Freescale/CW MCU v10.4/MCU/ARM_GCC_Support/ewl/lib/armv6-m\libc.a(strchr.o)
                                0x137 (size before relaxing)
 .debug_str     0x00000ebe       0x1c C:/Freescale/CW MCU v10.4/MCU/ARM_GCC_Support/ewl/lib/armv6-m\libc.a(strlen.o)
                                0x140 (size before relaxing)
 .debug_str     0x00000eda      0x126 C:/Freescale/CW MCU v10.4/MCU/ARM_GCC_Support/ewl/lib/armv6-m\librt.a(gcc_ctor_dtor.o)
                                0x181 (size before relaxing)
 .debug_str     0x00001000       0xa1 C:/Freescale/CW MCU v10.4/MCU/ARM_GCC_Support/ewl/lib/armv6-m\librt.a(ROMCopy.o)
                                0x13c (size before relaxing)
 .debug_str     0x000010a1       0xf8 C:/Freescale/CW MCU v10.4/MCU/ARM_GCC_Support/ewl/lib/armv6-m\librt.a(__arm_eabi_init.o)
                                0x1b5 (size before relaxing)

.comment        0x00000000       0x79
 .comment       0x00000000       0x79 ./Project_Settings/Startup_Code/kinetis_sysinit.o
                                 0x7a (size before relaxing)
 .comment       0x00000000       0x7a ./Project_Settings/Startup_Code/__arm_start.o
 .comment       0x00000000       0x7a ./Project_Settings/Startup_Code/__arm_end.o
 .comment       0x00000000       0x7a ./Sources/mouse_init.o
 .comment       0x00000000       0x7a ./Sources/main.o
 .comment       0x00000000       0x7a ./Sources/lcd.o
 .comment       0x00000000       0x7a ./Sources/funciones_teclas.o
 .comment       0x00000000       0x7a ./Sources/decodificacion.o
 .comment       0x00000000       0x7a ./Sources/cfgps2.o
 .comment       0x00000000       0x7a C:/Freescale/CW MCU v10.4/MCU/ARM_GCC_Support/ewl/lib/armv6-m\libc.a(exit.o)
 .comment       0x00000000       0x7a C:/Freescale/CW MCU v10.4/MCU/ARM_GCC_Support/ewl/lib/armv6-m\libc.a(memset.o)
 .comment       0x00000000       0x7a C:/Freescale/CW MCU v10.4/MCU/ARM_GCC_Support/ewl/lib/armv6-m\libc.a(printformat_.o)
 .comment       0x00000000       0x7a C:/Freescale/CW MCU v10.4/MCU/ARM_GCC_Support/ewl/lib/armv6-m\libc.a(scanformat_.o)
 .comment       0x00000000       0x7a C:/Freescale/CW MCU v10.4/MCU/ARM_GCC_Support/ewl/lib/armv6-m\libc.a(ctype_aeabi.o)
 .comment       0x00000000       0x7a C:/Freescale/CW MCU v10.4/MCU/ARM_GCC_Support/ewl/lib/armv6-m\libc.a(__strtoul.o)
 .comment       0x00000000       0x7a C:/Freescale/CW MCU v10.4/MCU/ARM_GCC_Support/ewl/lib/armv6-m\libc.a(__filll_mem.o)
 .comment       0x00000000       0x7a C:/Freescale/CW MCU v10.4/MCU/ARM_GCC_Support/ewl/lib/armv6-m\libc.a(memchr.o)
 .comment       0x00000000       0x7a C:/Freescale/CW MCU v10.4/MCU/ARM_GCC_Support/ewl/lib/armv6-m\libc.a(memcpy.o)
 .comment       0x00000000       0x7a C:/Freescale/CW MCU v10.4/MCU/ARM_GCC_Support/ewl/lib/armv6-m\libc.a(strchr.o)
 .comment       0x00000000       0x7a C:/Freescale/CW MCU v10.4/MCU/ARM_GCC_Support/ewl/lib/armv6-m\libc.a(strlen.o)
 .comment       0x00000000       0x7a C:/Freescale/CW MCU v10.4/MCU/ARM_GCC_Support/ewl/lib/armv6-m\librt.a(gcc_ctor_dtor.o)
 .comment       0x00000000       0x7a C:/Freescale/CW MCU v10.4/MCU/ARM_GCC_Support/ewl/lib/armv6-m\librt.a(ROMCopy.o)
 .comment       0x00000000       0x7a C:/Freescale/CW MCU v10.4/MCU/ARM_GCC_Support/ewl/lib/armv6-m\librt.a(__arm_eabi_init.o)

.debug_frame    0x00000000      0x928
 .debug_frame   0x00000000       0x48 ./Project_Settings/Startup_Code/kinetis_sysinit.o
 .debug_frame   0x00000048       0x4c ./Project_Settings/Startup_Code/__arm_start.o
 .debug_frame   0x00000094       0x30 ./Project_Settings/Startup_Code/__arm_end.o
 .debug_frame   0x000000c4       0x4c ./Sources/mouse_init.o
 .debug_frame   0x00000110       0x2c ./Sources/main.o
 .debug_frame   0x0000013c       0xc8 ./Sources/lcd.o
 .debug_frame   0x00000204      0x1d8 ./Sources/funciones_teclas.o
 .debug_frame   0x000003dc       0x64 ./Sources/decodificacion.o
 .debug_frame   0x00000440       0x48 ./Sources/cfgps2.o
 .debug_frame   0x00000488       0x2c C:/Freescale/CW MCU v10.4/MCU/ARM_GCC_Support/ewl/lib/armv6-m\libc.a(exit.o)
 .debug_frame   0x000004b4       0x28 C:/Freescale/CW MCU v10.4/MCU/ARM_GCC_Support/ewl/lib/armv6-m\libc.a(memset.o)
 .debug_frame   0x000004dc       0x54 C:/Freescale/CW MCU v10.4/MCU/ARM_GCC_Support/ewl/lib/armv6-m\libc.a(printformat_.o)
 .debug_frame   0x00000530       0x34 C:/Freescale/CW MCU v10.4/MCU/ARM_GCC_Support/ewl/lib/armv6-m\libc.a(scanformat_.o)
 .debug_frame   0x00000564      0x158 C:/Freescale/CW MCU v10.4/MCU/ARM_GCC_Support/ewl/lib/armv6-m\libc.a(ctype_aeabi.o)
 .debug_frame   0x000006bc       0x30 C:/Freescale/CW MCU v10.4/MCU/ARM_GCC_Support/ewl/lib/armv6-m\libc.a(__strtoul.o)
 .debug_frame   0x000006ec       0x2c C:/Freescale/CW MCU v10.4/MCU/ARM_GCC_Support/ewl/lib/armv6-m\libc.a(__filll_mem.o)
 .debug_frame   0x00000718       0x28 C:/Freescale/CW MCU v10.4/MCU/ARM_GCC_Support/ewl/lib/armv6-m\libc.a(memchr.o)
 .debug_frame   0x00000740       0x28 C:/Freescale/CW MCU v10.4/MCU/ARM_GCC_Support/ewl/lib/armv6-m\libc.a(memcpy.o)
 .debug_frame   0x00000768       0x28 C:/Freescale/CW MCU v10.4/MCU/ARM_GCC_Support/ewl/lib/armv6-m\libc.a(strchr.o)
 .debug_frame   0x00000790       0x28 C:/Freescale/CW MCU v10.4/MCU/ARM_GCC_Support/ewl/lib/armv6-m\libc.a(strlen.o)
 .debug_frame   0x000007b8       0x20 c:/freescale/cw mcu v10.4/cross_tools/arm-none-eabi-gcc-4_7_3/bin/../lib/gcc/arm-none-eabi/4.7.3/armv6-m\libgcc.a(_udivsi3.o)
 .debug_frame   0x000007d8       0x40 C:/Freescale/CW MCU v10.4/MCU/ARM_GCC_Support/ewl/lib/armv6-m\librt.a(gcc_ctor_dtor.o)
 .debug_frame   0x00000818       0x54 C:/Freescale/CW MCU v10.4/MCU/ARM_GCC_Support/ewl/lib/armv6-m\librt.a(ROMCopy.o)
 .debug_frame   0x0000086c       0xbc C:/Freescale/CW MCU v10.4/MCU/ARM_GCC_Support/ewl/lib/armv6-m\librt.a(__arm_eabi_init.o)
